
T  Building storybook v10.5.10
|
o  Cleaning outputDir: ../../artifactreview/strict-20261006/storybook
|
o  Loading presets
|
o  Building manager..
|
•  Building open services..
|
•  Building preview..
|  Vite vite v6.4.3 building for production...
|  Vite transforming...
|  Vite ✓ 158 modules transformed.
|  Vite rendering chunks...
|  Vite computing gzip size...
|  Vite ../../artifactreview/strict-20261006/storybook/iframe.html
|  18.84 kB │ gzip:   5.26 kB
|  Vite
|  ../../artifactreview/strict-20261006/storybook/assets/iframe-1uBoYO6P.css
|  81.36 kB │ gzip:  14.91 kB
|  Vite
|  ../../artifactreview/strict-20261006/storybook/assets/format-BV4y5CAD.js
|  0.20 kB │ gzip:   0.18 kB
|  Vite
|  ../../artifactreview/strict-20261006/storybook/assets/Modal.stories-CNFzZEG7.js
|  0.50 kB │ gzip:   0.36 kB
|  Vite
|  ../../artifactreview/strict-20261006/storybook/assets/Segmented.stories-BmRjojXN.js
|  0.53 kB │ gzip:   0.36 kB
|  Vite
|  ../../artifactreview/strict-20261006/storybook/assets/liveTimer-BD8l_OtH.js
|  0.60 kB │ gzip:   0.37 kB
|  Vite
|  ../../artifactreview/strict-20261006/storybook/assets/Chip.stories-DmaQ3c8S.js
|  0.65 kB │ gzip:   0.37 kB
|  Vite
|  ../../artifactreview/strict-20261006/storybook/assets/BigDuration.stories-CFSSWF92.js
|  0.67 kB │ gzip:   0.36 kB
|  Vite
|  ../../artifactreview/strict-20261006/storybook/assets/RestartContext-DjQGreyV.js
|  0.68 kB │ gzip:   0.41 kB
|  Vite
|  ../../artifactreview/strict-20261006/storybook/assets/Empty.stories-Rk6q4zB3.js
|  0.72 kB │ gzip:   0.43 kB
|  Vite
|  ../../artifactreview/strict-20261006/storybook/assets/jsx-runtime-D_zvdyIk.js
|  0.73 kB │ gzip:   0.46 kB
|  Vite
|  ../../artifactreview/strict-20261006/storybook/assets/Field.stories-BOSR5b54.js
|  0.77 kB │ gzip:   0.47 kB
|  Vite
|  ../../artifactreview/strict-20261006/storybook/assets/Kbd.stories-C84k-FzU.js
|  0.81 kB │ gzip:   0.44 kB
|  Vite
|  ../../artifactreview/strict-20261006/storybook/assets/TitleBar.stories-CZbZF0-i.js
|  0.85 kB │ gzip:   0.42 kB
|  Vite
|  ../../artifactreview/strict-20261006/storybook/assets/ProgressBar.stories-D4xCMHIA.js
|  0.86 kB │ gzip:   0.40 kB
|  Vite
|  ../../artifactreview/strict-20261006/storybook/assets/notes-ClKiDzr_.js
|  0.87 kB │ gzip:   0.47 kB
|  Vite
|  ../../artifactreview/strict-20261006/storybook/assets/TaskRiskSummary-67f85wM1.js
|  0.96 kB │ gzip:   0.59 kB
|  Vite
|  ../../artifactreview/strict-20261006/storybook/assets/seed-xBXg9Usi.js
|  0.99 kB │ gzip:   0.61 kB
|  Vite
|  ../../artifactreview/strict-20261006/storybook/assets/Ring.stories-B9OMMihk.js
|  1.16 kB │ gzip:   0.52 kB
|  Vite
|  ../../artifactreview/strict-20261006/storybook/assets/preload-helper-Ct5FWWRu.js
|  1.23 kB │ gzip:   0.72 kB
|  Vite
|  ../../artifactreview/strict-20261006/storybook/assets/task-control-D4AW2QJO.js
|  1.41 kB │ gzip:   0.74 kB
|  Vite
|  ../../artifactreview/strict-20261006/storybook/assets/Button.stories-PSW7AIiF.js
|  1.53 kB │ gzip:   0.52 kB
|  Vite
|  ../../artifactreview/strict-20261006/storybook/assets/DayRibbon.stories-BFnA_0BP.js
|  1.63 kB │ gzip:   0.76 kB
|  Vite
|  ../../artifactreview/strict-20261006/storybook/assets/selectors-MnZWct0r.js
|  1.74 kB │ gzip:   0.90 kB
|  Vite
|  ../../artifactreview/strict-20261006/storybook/assets/task-priority-DjDqh__F.js
|  2.09 kB │ gzip:   1.05 kB
|  Vite
|  ../../artifactreview/strict-20261006/storybook/assets/activity-BhSLqT-a.js
|  2.81 kB │ gzip:   1.11 kB
|  Vite
|  ../../artifactreview/strict-20261006/storybook/assets/engine-BC18LVxT.js
|  3.14 kB │ gzip:   1.16 kB
|  Vite
|  ../../artifactreview/strict-20261006/storybook/assets/ReminderPanel.stories-D0n-nH7d.js
|  3.21 kB │ gzip:   1.45 kB
|  Vite
|  ../../artifactreview/strict-20261006/storybook/assets/Phase2Context.stories-Bmhyrb6W.js
|  3.30 kB │ gzip:   1.63 kB
|  Vite
|  ../../artifactreview/strict-20261006/storybook/assets/HudWindow.stories-CR3mNnlL.js
|  3.61 kB │ gzip:   1.50 kB
|  Vite
|  ../../artifactreview/strict-20261006/storybook/assets/DayRibbon-BePJfcVl.js
|  3.82 kB │ gzip:   1.78 kB
|  Vite
|  ../../artifactreview/strict-20261006/storybook/assets/TaskSuggestions.stories-CL-k57uU.js
|  4.00 kB │ gzip:   1.71 kB
|  Vite
|  ../../artifactreview/strict-20261006/storybook/assets/TaskWarnings.stories-BoOcbjZ8.js
|  4.17 kB │ gzip:   1.57 kB
|  Vite
|  ../../artifactreview/strict-20261006/storybook/assets/TaskWarnings-CLmWkz-a.js
|  4.68 kB │ gzip:   2.09 kB
|  Vite
|  ../../artifactreview/strict-20261006/storybook/assets/bridge-Cbf7M5M6.js
|  4.83 kB │ gzip:   2.46 kB
|  Vite
|  ../../artifactreview/strict-20261006/storybook/assets/ExpireWindow.stories-CNyJ3uAS.js
|  5.61 kB │ gzip:   2.24 kB
|  Vite
|  ../../artifactreview/strict-20261006/storybook/assets/NotesView.stories-B0h1q9Jm.js
|  6.51 kB │ gzip:   2.78 kB
|  Vite
|  ../../artifactreview/strict-20261006/storybook/assets/StartWindow.stories-B802dw8V.js
|  7.72 kB │ gzip:   3.18 kB
|  Vite
|  ../../artifactreview/strict-20261006/storybook/assets/TaskContextEditor-Ds02AFEJ.js
|  7.75 kB │ gzip:   3.10 kB
|  Vite
|  ../../artifactreview/strict-20261006/storybook/assets/CurrentWorkWindow.stories-sVBAtF0z.js
|  8.35 kB │ gzip:   3.27 kB
|  Vite
|  ../../artifactreview/strict-20261006/storybook/assets/BigDuration-tgcjBi45.js
|  8.73 kB │ gzip:   2.55 kB
|  Vite
|  ../../artifactreview/strict-20261006/storybook/assets/WeeklyBudget-CCn3ejV0.js
|  9.43 kB │ gzip:   3.34 kB
|  Vite
|  ../../artifactreview/strict-20261006/storybook/assets/FixedWorkOverview-BAvgsUOv.js
|  10.86 kB │ gzip:   3.97 kB
|  Vite
|  ../../artifactreview/strict-20261006/storybook/assets/NoteEditor-79HRh-EA.js
|  11.02 kB │ gzip:   4.09 kB
|  Vite
|  ../../artifactreview/strict-20261006/storybook/assets/Onboarding.stories-DLWYDy4Y.js
|  11.95 kB │ gzip:   3.24 kB
|  Vite
|  ../../artifactreview/strict-20261006/storybook/assets/GoalCriteria.stories-DP_f-YlQ.js
|  12.54 kB │ gzip:   4.33 kB
|  Vite
|  ../../artifactreview/strict-20261006/storybook/assets/TaskControl.stories-D9w4odt2.js
|  21.04 kB │ gzip:   7.16 kB
|  Vite
|  ../../artifactreview/strict-20261006/storybook/assets/ActivityViews.stories-OomFF7ZS.js
|  21.70 kB │ gzip:   7.18 kB
|  Vite
|  ../../artifactreview/strict-20261006/storybook/assets/TaskDetail-DjSvCuZE.js
|  23.64 kB │ gzip:   6.98 kB
|  Vite
|  ../../artifactreview/strict-20261006/storybook/vite-inject-mocker-entry.js
|  28.11 kB │ gzip:   9.82 kB
|  Vite
|  ../../artifactreview/strict-20261006/storybook/assets/react-18-Lbwo2d8i.js
|  185.64 kB │ gzip:  58.14 kB
|  Vite
|  ../../artifactreview/strict-20261006/storybook/assets/iframe-C72aYNxN.js
|  1,133.00 kB │ gzip: 323.59 kB
|
!  Vite
|  (!) Some chunks are larger than 500 kB after minification. Consider:
|  - Using dynamic import() to code-split the application
|  - Use build.rollupOptions.output.manualChunks to improve chunking:
|  ]8;;https://rollupjs.org/configuration-options/#output-manualchunkshttps://rollupjs.org/configuration-options/#output-manualchunks]8;;
|  - Adjust chunk size limit for this warning via
|  build.chunkSizeWarningLimit.
|  Vite ✓ built in 8.53s
|
o  Output directory:
|  ./artifactreview/strict-20261006/storybook
|
—  Storybook build completed successfully

